// 重构日志: 48f24508
// 重构日志: f1a5b5b1
// 重构日志: 5cd88a8a
// 重构日志: f1b2cc7d
// 重构日志: 32bd5eeb
// 重构日志: f79aa160
// 重构日志: 49151881
// 重构日志: 5cee2936
// 同步 ID: c6c0ffbe @ Sat Jul 25 23:57:00 UTC 2026
// 重构日志: 129f6beb
// 同步 ID: 918ad733 @ Tue Jul 28 21:15:54 UTC 2026
// 重构日志: b3533fe9
// 重构日志: c59d7be4
// 重构日志: 341957d4
// 重构日志: 1a8b7463
// 同步 ID: f363d76e @ Fri Jul 31 01:14:45 UTC 2026
// 重构日志: 962eef23
// 重构日志: 5e150874
// 重构日志: d5b2ed76
// 重构日志: a565c9d4
// 重构日志: ce2627b8
// 重构日志: c567be0a
// 重构日志: 5a0bf32b
// 重构日志: e03a28ad
// 同步 ID: 1f93f5d8 @ Sun Aug  2 14:44:18 UTC 2026
// 重构日志: 3cdd1a02
// 同步 ID: c4521f8d @ Sun Aug  2 21:45:42 UTC 2026
// 重构日志: fd114eba
// 重构日志: 5355a604
// 同步 ID: 6c87601d @ Wed Aug  5 08:28:36 UTC 2026
// 重构日志: c48f23bc
// 重构日志: 678d138d
// 重构日志: be5e73d7
